Stopped processing SimpleCov as a previous error not related to SimpleCov has been detected
/home/jules/.local/share/mise/installs/ruby/3.4.7/lib/ruby/gems/3.4.0/gems/activerecord-7.2.2.2/lib/active_record/connection_adapters/postgresql_adapter.rb:69:in 'ActiveRecord::ConnectionAdapters::PostgreSQLAdapter.new_client': connection to server at "::1", port 5432 failed: Connection refused (ActiveRecord::ConnectionNotEstablished)
	Is the server running on that host and accepting TCP/IP connections?
connection to server at "127.0.0.1", port 5432 failed: Connection refused
	Is the server running on that host and accepting TCP/IP connections?

	from /home/jules/.local/share/mise/installs/ruby/3.4.7/lib/ruby/gems/3.4.0/gems/activerecord-7.2.2.2/lib/active_record/connection_adapters/postgresql_adapter.rb:982:in 'ActiveRecord::ConnectionAdapters::PostgreSQLAdapter#connect'
	from /home/jules/.local/share/mise/installs/ruby/3.4.7/lib/ruby/gems/3.4.0/gems/activerecord-7.2.2.2/lib/active_record/connection_adapters/postgresql_adapter.rb:994:in 'ActiveRecord::ConnectionAdapters::PostgreSQLAdapter#reconnect'
	from /home/jules/.local/share/mise/installs/ruby/3.4.7/lib/ruby/gems/3.4.0/gems/activerecord-7.2.2.2/lib/active_record/connection_adapters/abstract_adapter.rb:662:in 'block in ActiveRecord::ConnectionAdapters::AbstractAdapter#reconnect!'
	from /home/jules/.local/share/mise/installs/ruby/3.4.7/lib/ruby/gems/3.4.0/gems/activesupport-7.2.2.2/lib/active_support/concurrency/null_lock.rb:9:in 'ActiveSupport::Concurrency::NullLock#synchronize'
	from /home/jules/.local/share/mise/installs/ruby/3.4.7/lib/ruby/gems/3.4.0/gems/activerecord-7.2.2.2/lib/active_record/connection_adapters/abstract_adapter.rb:661:in 'ActiveRecord::ConnectionAdapters::AbstractAdapter#reconnect!'
	from /home/jules/.local/share/mise/installs/ruby/3.4.7/lib/ruby/gems/3.4.0/gems/activerecord-7.2.2.2/lib/active_record/connection_adapters/abstract_adapter.rb:763:in 'block in ActiveRecord::ConnectionAdapters::AbstractAdapter#verify!'
	from /home/jules/.local/share/mise/installs/ruby/3.4.7/lib/ruby/gems/3.4.0/gems/activesupport-7.2.2.2/lib/active_support/concurrency/null_lock.rb:9:in 'ActiveSupport::Concurrency::NullLock#synchronize'
	from /home/jules/.local/share/mise/installs/ruby/3.4.7/lib/ruby/gems/3.4.0/gems/activerecord-7.2.2.2/lib/active_record/connection_adapters/abstract_adapter.rb:754:in 'ActiveRecord::ConnectionAdapters::AbstractAdapter#verify!'
	from /home/jules/.local/share/mise/installs/ruby/3.4.7/lib/ruby/gems/3.4.0/gems/activerecord-7.2.2.2/lib/active_record/connection_adapters/abstract_adapter.rb:771:in 'ActiveRecord::ConnectionAdapters::AbstractAdapter#connect!'
	from /home/jules/.local/share/mise/installs/ruby/3.4.7/lib/ruby/gems/3.4.0/gems/activerecord-7.2.2.2/lib/active_record/connection_adapters/abstract_adapter.rb:977:in 'block in ActiveRecord::ConnectionAdapters::AbstractAdapter#with_raw_connection'
	from /home/jules/.local/share/mise/installs/ruby/3.4.7/lib/ruby/gems/3.4.0/gems/activesupport-7.2.2.2/lib/active_support/concurrency/null_lock.rb:9:in 'ActiveSupport::Concurrency::NullLock#synchronize'
	from /home/jules/.local/share/mise/installs/ruby/3.4.7/lib/ruby/gems/3.4.0/gems/activerecord-7.2.2.2/lib/active_record/connection_adapters/abstract_adapter.rb:976:in 'ActiveRecord::ConnectionAdapters::AbstractAdapter#with_raw_connection'
	from /home/jules/.local/share/mise/installs/ruby/3.4.7/lib/ruby/gems/3.4.0/gems/activerecord-7.2.2.2/lib/active_record/connection_adapters/postgresql/database_statements.rb:18:in 'block in ActiveRecord::ConnectionAdapters::PostgreSQL::DatabaseStatements#query'
	from /home/jules/.local/share/mise/installs/ruby/3.4.7/lib/ruby/gems/3.4.0/gems/activesupport-7.2.2.2/lib/active_support/notifications/instrumenter.rb:58:in 'ActiveSupport::Notifications::Instrumenter#instrument'
	from /home/jules/.local/share/mise/installs/ruby/3.4.7/lib/ruby/gems/3.4.0/gems/activerecord-7.2.2.2/lib/active_record/connection_adapters/abstract_adapter.rb:1119:in 'ActiveRecord::ConnectionAdapters::AbstractAdapter#log'
	from /home/jules/.local/share/mise/installs/ruby/3.4.7/lib/ruby/gems/3.4.0/gems/activerecord-7.2.2.2/lib/active_record/connection_adapters/postgresql/database_statements.rb:17:in 'ActiveRecord::ConnectionAdapters::PostgreSQL::DatabaseStatements#query'
	from /home/jules/.local/share/mise/installs/ruby/3.4.7/lib/ruby/gems/3.4.0/gems/activerecord-7.2.2.2/lib/active_record/connection_adapters/abstract/database_statements.rb:110:in 'ActiveRecord::ConnectionAdapters::DatabaseStatements#query_values'
	from /home/jules/.local/share/mise/installs/ruby/3.4.7/lib/ruby/gems/3.4.0/gems/activerecord-7.2.2.2/lib/active_record/connection_adapters/abstract/schema_statements.rb:35:in 'ActiveRecord::ConnectionAdapters::SchemaStatements#data_sources'
	from /home/jules/.local/share/mise/installs/ruby/3.4.7/lib/ruby/gems/3.4.0/gems/activerecord-7.2.2.2/lib/active_record/connection_adapters/schema_cache.rb:430:in 'block in ActiveRecord::ConnectionAdapters::SchemaCache#tables_to_cache'
	from /home/jules/.local/share/mise/installs/ruby/3.4.7/lib/ruby/gems/3.4.0/gems/activerecord-7.2.2.2/lib/active_record/connection_adapters/abstract/connection_pool.rb:421:in 'ActiveRecord::ConnectionAdapters::ConnectionPool#with_connection'
	from /home/jules/.local/share/mise/installs/ruby/3.4.7/lib/ruby/gems/3.4.0/gems/activerecord-7.2.2.2/lib/active_record/connection_adapters/schema_cache.rb:429:in 'ActiveRecord::ConnectionAdapters::SchemaCache#tables_to_cache'
	from /home/jules/.local/share/mise/installs/ruby/3.4.7/lib/ruby/gems/3.4.0/gems/activerecord-7.2.2.2/lib/active_record/connection_adapters/schema_cache.rb:313:in 'ActiveRecord::ConnectionAdapters::SchemaCache#data_source_exists?'
	from /home/jules/.local/share/mise/installs/ruby/3.4.7/lib/ruby/gems/3.4.0/gems/activerecord-7.2.2.2/lib/active_record/connection_adapters/schema_cache.rb:38:in 'ActiveRecord::ConnectionAdapters::SchemaReflection#data_source_exists?'
	from /home/jules/.local/share/mise/installs/ruby/3.4.7/lib/ruby/gems/3.4.0/gems/activerecord-7.2.2.2/lib/active_record/connection_adapters/schema_cache.rb:182:in 'ActiveRecord::ConnectionAdapters::BoundSchemaReflection#data_source_exists?'
	from /home/jules/.local/share/mise/installs/ruby/3.4.7/lib/ruby/gems/3.4.0/gems/activerecord-7.2.2.2/lib/active_record/internal_metadata.rb:108:in 'ActiveRecord::InternalMetadata#table_exists?'
	from /home/jules/.local/share/mise/installs/ruby/3.4.7/lib/ruby/gems/3.4.0/gems/activerecord-7.2.2.2/lib/active_record/tasks/database_tasks.rb:399:in 'block in ActiveRecord::Tasks::DatabaseTasks#schema_up_to_date?'
	from /home/jules/.local/share/mise/installs/ruby/3.4.7/lib/ruby/gems/3.4.0/gems/activerecord-7.2.2.2/lib/active_record/tasks/database_tasks.rb:565:in 'ActiveRecord::Tasks::DatabaseTasks#with_temporary_pool'
	from /home/jules/.local/share/mise/installs/ruby/3.4.7/lib/ruby/gems/3.4.0/gems/activerecord-7.2.2.2/lib/active_record/tasks/database_tasks.rb:396:in 'ActiveRecord::Tasks::DatabaseTasks#schema_up_to_date?'
	from /home/jules/.local/share/mise/installs/ruby/3.4.7/lib/ruby/gems/3.4.0/gems/activerecord-7.2.2.2/lib/active_record/migration.rb:763:in 'block in ActiveRecord::Migration.any_schema_needs_update?'
	from /home/jules/.local/share/mise/installs/ruby/3.4.7/lib/ruby/gems/3.4.0/gems/activerecord-7.2.2.2/lib/active_record/migration.rb:762:in 'Array#all?'
	from /home/jules/.local/share/mise/installs/ruby/3.4.7/lib/ruby/gems/3.4.0/gems/activerecord-7.2.2.2/lib/active_record/migration.rb:762:in 'ActiveRecord::Migration.any_schema_needs_update?'
	from /home/jules/.local/share/mise/installs/ruby/3.4.7/lib/ruby/gems/3.4.0/gems/activerecord-7.2.2.2/lib/active_record/migration.rb:717:in 'ActiveRecord::Migration.load_schema_if_pending!'
	from /home/jules/.local/share/mise/installs/ruby/3.4.7/lib/ruby/gems/3.4.0/gems/activerecord-7.2.2.2/lib/active_record/migration.rb:732:in 'block in ActiveRecord::Migration.maintain_test_schema!'
	from /home/jules/.local/share/mise/installs/ruby/3.4.7/lib/ruby/gems/3.4.0/gems/activerecord-7.2.2.2/lib/active_record/migration.rb:1034:in 'ActiveRecord::Migration#suppress_messages'
	from /home/jules/.local/share/mise/installs/ruby/3.4.7/lib/ruby/gems/3.4.0/gems/activerecord-7.2.2.2/lib/active_record/migration.rb:737:in 'ActiveRecord::Migration.method_missing'
	from /home/jules/.local/share/mise/installs/ruby/3.4.7/lib/ruby/gems/3.4.0/gems/activerecord-7.2.2.2/lib/active_record/migration.rb:732:in 'ActiveRecord::Migration.maintain_test_schema!'
	from /home/jules/.local/share/mise/installs/ruby/3.4.7/lib/ruby/gems/3.4.0/gems/railties-7.2.2.2/lib/rails/testing/maintain_test_schema.rb:5:in '<top (required)>'
	from <internal:/home/jules/.local/share/mise/installs/ruby/3.4.7/lib/ruby/3.4.0/rubygems/core_ext/kernel_require.rb>:37:in 'Kernel#require'
	from <internal:/home/jules/.local/share/mise/installs/ruby/3.4.7/lib/ruby/3.4.0/rubygems/core_ext/kernel_require.rb>:37:in 'Kernel#require'
	from /home/jules/.local/share/mise/installs/ruby/3.4.7/lib/ruby/gems/3.4.0/gems/bootsnap-1.18.6/lib/bootsnap/load_path_cache/core_ext/kernel_require.rb:30:in 'Kernel#require'
	from /home/jules/.local/share/mise/installs/ruby/3.4.7/lib/ruby/gems/3.4.0/gems/zeitwerk-2.7.4/lib/zeitwerk/core_ext/kernel.rb:34:in 'Kernel#require'
	from /home/jules/.local/share/mise/installs/ruby/3.4.7/lib/ruby/gems/3.4.0/gems/railties-7.2.2.2/lib/rails/test_help.rb:13:in '<top (required)>'
	from <internal:/home/jules/.local/share/mise/installs/ruby/3.4.7/lib/ruby/3.4.0/rubygems/core_ext/kernel_require.rb>:37:in 'Kernel#require'
	from <internal:/home/jules/.local/share/mise/installs/ruby/3.4.7/lib/ruby/3.4.0/rubygems/core_ext/kernel_require.rb>:37:in 'Kernel#require'
	from /home/jules/.local/share/mise/installs/ruby/3.4.7/lib/ruby/gems/3.4.0/gems/bootsnap-1.18.6/lib/bootsnap/load_path_cache/core_ext/kernel_require.rb:30:in 'Kernel#require'
	from /home/jules/.local/share/mise/installs/ruby/3.4.7/lib/ruby/gems/3.4.0/gems/zeitwerk-2.7.4/lib/zeitwerk/core_ext/kernel.rb:34:in 'Kernel#require'
	from /app/test/test_helper.rb:17:in '<main>'
	from <internal:/home/jules/.local/share/mise/installs/ruby/3.4.7/lib/ruby/3.4.0/rubygems/core_ext/kernel_require.rb>:37:in 'Kernel#require'
	from <internal:/home/jules/.local/share/mise/installs/ruby/3.4.7/lib/ruby/3.4.0/rubygems/core_ext/kernel_require.rb>:37:in 'Kernel#require'
	from /home/jules/.local/share/mise/installs/ruby/3.4.7/lib/ruby/gems/3.4.0/gems/bootsnap-1.18.6/lib/bootsnap/load_path_cache/core_ext/kernel_require.rb:30:in 'Kernel#require'
	from /app/test/integration/accessibility_test.rb:1:in '<main>'
	from <internal:/home/jules/.local/share/mise/installs/ruby/3.4.7/lib/ruby/3.4.0/rubygems/core_ext/kernel_require.rb>:37:in 'Kernel#require'
	from <internal:/home/jules/.local/share/mise/installs/ruby/3.4.7/lib/ruby/3.4.0/rubygems/core_ext/kernel_require.rb>:37:in 'Kernel#require'
	from /home/jules/.local/share/mise/installs/ruby/3.4.7/lib/ruby/gems/3.4.0/gems/bootsnap-1.18.6/lib/bootsnap/load_path_cache/core_ext/kernel_require.rb:30:in 'Kernel#require'
	from /home/jules/.local/share/mise/installs/ruby/3.4.7/lib/ruby/gems/3.4.0/gems/railties-7.2.2.2/lib/rails/test_unit/runner.rb:62:in 'block in Rails::TestUnit::Runner.load_tests'
	from /home/jules/.local/share/mise/installs/ruby/3.4.7/lib/ruby/gems/3.4.0/gems/railties-7.2.2.2/lib/rails/test_unit/runner.rb:60:in 'Array#each'
	from /home/jules/.local/share/mise/installs/ruby/3.4.7/lib/ruby/gems/3.4.0/gems/railties-7.2.2.2/lib/rails/test_unit/runner.rb:60:in 'Rails::TestUnit::Runner.load_tests'
	from /home/jules/.local/share/mise/installs/ruby/3.4.7/lib/ruby/gems/3.4.0/gems/railties-7.2.2.2/lib/rails/test_unit/runner.rb:52:in 'Rails::TestUnit::Runner.run'
	from /home/jules/.local/share/mise/installs/ruby/3.4.7/lib/ruby/gems/3.4.0/gems/railties-7.2.2.2/lib/rails/commands/test/test_command.rb:33:in 'Rails::Command::TestCommand#perform'
	from /home/jules/.local/share/mise/installs/ruby/3.4.7/lib/ruby/gems/3.4.0/gems/thor-1.5.0/lib/thor/command.rb:28:in 'Thor::Command#run'
	from /home/jules/.local/share/mise/installs/ruby/3.4.7/lib/ruby/gems/3.4.0/gems/thor-1.5.0/lib/thor/invocation.rb:127:in 'Thor::Invocation#invoke_command'
	from /home/jules/.local/share/mise/installs/ruby/3.4.7/lib/ruby/gems/3.4.0/gems/railties-7.2.2.2/lib/rails/command/base.rb:178:in 'Rails::Command::Base#invoke_command'
	from /home/jules/.local/share/mise/installs/ruby/3.4.7/lib/ruby/gems/3.4.0/gems/thor-1.5.0/lib/thor.rb:538:in 'Thor.dispatch'
	from /home/jules/.local/share/mise/installs/ruby/3.4.7/lib/ruby/gems/3.4.0/gems/railties-7.2.2.2/lib/rails/command/base.rb:73:in 'Rails::Command::Base.perform'
	from /home/jules/.local/share/mise/installs/ruby/3.4.7/lib/ruby/gems/3.4.0/gems/railties-7.2.2.2/lib/rails/command.rb:71:in 'block in Rails::Command.invoke'
	from /home/jules/.local/share/mise/installs/ruby/3.4.7/lib/ruby/gems/3.4.0/gems/railties-7.2.2.2/lib/rails/command.rb:149:in 'Rails::Command.with_argv'
	from /home/jules/.local/share/mise/installs/ruby/3.4.7/lib/ruby/gems/3.4.0/gems/railties-7.2.2.2/lib/rails/command.rb:69:in 'Rails::Command.invoke'
	from /home/jules/.local/share/mise/installs/ruby/3.4.7/lib/ruby/gems/3.4.0/gems/railties-7.2.2.2/lib/rails/commands.rb:18:in '<main>'
	from <internal:/home/jules/.local/share/mise/installs/ruby/3.4.7/lib/ruby/3.4.0/rubygems/core_ext/kernel_require.rb>:37:in 'Kernel#require'
	from <internal:/home/jules/.local/share/mise/installs/ruby/3.4.7/lib/ruby/3.4.0/rubygems/core_ext/kernel_require.rb>:37:in 'Kernel#require'
	from /home/jules/.local/share/mise/installs/ruby/3.4.7/lib/ruby/gems/3.4.0/gems/bootsnap-1.18.6/lib/bootsnap/load_path_cache/core_ext/kernel_require.rb:30:in 'Kernel#require'
	from bin/rails:4:in '<main>'
/home/jules/.local/share/mise/installs/ruby/3.4.7/lib/ruby/gems/3.4.0/gems/pg-1.6.3-x86_64-linux/lib/pg/connection.rb:751:in 'PG::Connection::Pollable#polling_loop': connection to server at "::1", port 5432 failed: Connection refused (PG::ConnectionBad)
	Is the server running on that host and accepting TCP/IP connections?
connection to server at "127.0.0.1", port 5432 failed: Connection refused
	Is the server running on that host and accepting TCP/IP connections?

	from /home/jules/.local/share/mise/installs/ruby/3.4.7/lib/ruby/gems/3.4.0/gems/pg-1.6.3-x86_64-linux/lib/pg/connection.rb:795:in 'PG::Connection#async_connect_or_reset'
	from /home/jules/.local/share/mise/installs/ruby/3.4.7/lib/ruby/gems/3.4.0/gems/pg-1.6.3-x86_64-linux/lib/pg/connection.rb:951:in 'PG::Connection.connect_to_hosts'
	from /home/jules/.local/share/mise/installs/ruby/3.4.7/lib/ruby/gems/3.4.0/gems/pg-1.6.3-x86_64-linux/lib/pg/connection.rb:871:in 'PG::Connection.new'
	from /home/jules/.local/share/mise/installs/ruby/3.4.7/lib/ruby/gems/3.4.0/gems/pg-1.6.3-x86_64-linux/lib/pg.rb:88:in 'PG.connect'
	from /home/jules/.local/share/mise/installs/ruby/3.4.7/lib/ruby/gems/3.4.0/gems/activerecord-7.2.2.2/lib/active_record/connection_adapters/postgresql_adapter.rb:58:in 'ActiveRecord::ConnectionAdapters::PostgreSQLAdapter.new_client'
	from /home/jules/.local/share/mise/installs/ruby/3.4.7/lib/ruby/gems/3.4.0/gems/activerecord-7.2.2.2/lib/active_record/connection_adapters/postgresql_adapter.rb:982:in 'ActiveRecord::ConnectionAdapters::PostgreSQLAdapter#connect'
	from /home/jules/.local/share/mise/installs/ruby/3.4.7/lib/ruby/gems/3.4.0/gems/activerecord-7.2.2.2/lib/active_record/connection_adapters/postgresql_adapter.rb:994:in 'ActiveRecord::ConnectionAdapters::PostgreSQLAdapter#reconnect'
	from /home/jules/.local/share/mise/installs/ruby/3.4.7/lib/ruby/gems/3.4.0/gems/activerecord-7.2.2.2/lib/active_record/connection_adapters/abstract_adapter.rb:662:in 'block in ActiveRecord::ConnectionAdapters::AbstractAdapter#reconnect!'
	from /home/jules/.local/share/mise/installs/ruby/3.4.7/lib/ruby/gems/3.4.0/gems/activesupport-7.2.2.2/lib/active_support/concurrency/null_lock.rb:9:in 'ActiveSupport::Concurrency::NullLock#synchronize'
	from /home/jules/.local/share/mise/installs/ruby/3.4.7/lib/ruby/gems/3.4.0/gems/activerecord-7.2.2.2/lib/active_record/connection_adapters/abstract_adapter.rb:661:in 'ActiveRecord::ConnectionAdapters::AbstractAdapter#reconnect!'
	from /home/jules/.local/share/mise/installs/ruby/3.4.7/lib/ruby/gems/3.4.0/gems/activerecord-7.2.2.2/lib/active_record/connection_adapters/abstract_adapter.rb:763:in 'block in ActiveRecord::ConnectionAdapters::AbstractAdapter#verify!'
	from /home/jules/.local/share/mise/installs/ruby/3.4.7/lib/ruby/gems/3.4.0/gems/activesupport-7.2.2.2/lib/active_support/concurrency/null_lock.rb:9:in 'ActiveSupport::Concurrency::NullLock#synchronize'
	from /home/jules/.local/share/mise/installs/ruby/3.4.7/lib/ruby/gems/3.4.0/gems/activerecord-7.2.2.2/lib/active_record/connection_adapters/abstract_adapter.rb:754:in 'ActiveRecord::ConnectionAdapters::AbstractAdapter#verify!'
	from /home/jules/.local/share/mise/installs/ruby/3.4.7/lib/ruby/gems/3.4.0/gems/activerecord-7.2.2.2/lib/active_record/connection_adapters/abstract_adapter.rb:771:in 'ActiveRecord::ConnectionAdapters::AbstractAdapter#connect!'
	from /home/jules/.local/share/mise/installs/ruby/3.4.7/lib/ruby/gems/3.4.0/gems/activerecord-7.2.2.2/lib/active_record/connection_adapters/abstract_adapter.rb:977:in 'block in ActiveRecord::ConnectionAdapters::AbstractAdapter#with_raw_connection'
	from /home/jules/.local/share/mise/installs/ruby/3.4.7/lib/ruby/gems/3.4.0/gems/activesupport-7.2.2.2/lib/active_support/concurrency/null_lock.rb:9:in 'ActiveSupport::Concurrency::NullLock#synchronize'
	from /home/jules/.local/share/mise/installs/ruby/3.4.7/lib/ruby/gems/3.4.0/gems/activerecord-7.2.2.2/lib/active_record/connection_adapters/abstract_adapter.rb:976:in 'ActiveRecord::ConnectionAdapters::AbstractAdapter#with_raw_connection'
	from /home/jules/.local/share/mise/installs/ruby/3.4.7/lib/ruby/gems/3.4.0/gems/activerecord-7.2.2.2/lib/active_record/connection_adapters/postgresql/database_statements.rb:18:in 'block in ActiveRecord::ConnectionAdapters::PostgreSQL::DatabaseStatements#query'
	from /home/jules/.local/share/mise/installs/ruby/3.4.7/lib/ruby/gems/3.4.0/gems/activesupport-7.2.2.2/lib/active_support/notifications/instrumenter.rb:58:in 'ActiveSupport::Notifications::Instrumenter#instrument'
	from /home/jules/.local/share/mise/installs/ruby/3.4.7/lib/ruby/gems/3.4.0/gems/activerecord-7.2.2.2/lib/active_record/connection_adapters/abstract_adapter.rb:1119:in 'ActiveRecord::ConnectionAdapters::AbstractAdapter#log'
	from /home/jules/.local/share/mise/installs/ruby/3.4.7/lib/ruby/gems/3.4.0/gems/activerecord-7.2.2.2/lib/active_record/connection_adapters/postgresql/database_statements.rb:17:in 'ActiveRecord::ConnectionAdapters::PostgreSQL::DatabaseStatements#query'
	from /home/jules/.local/share/mise/installs/ruby/3.4.7/lib/ruby/gems/3.4.0/gems/activerecord-7.2.2.2/lib/active_record/connection_adapters/abstract/database_statements.rb:110:in 'ActiveRecord::ConnectionAdapters::DatabaseStatements#query_values'
	from /home/jules/.local/share/mise/installs/ruby/3.4.7/lib/ruby/gems/3.4.0/gems/activerecord-7.2.2.2/lib/active_record/connection_adapters/abstract/schema_statements.rb:35:in 'ActiveRecord::ConnectionAdapters::SchemaStatements#data_sources'
	from /home/jules/.local/share/mise/installs/ruby/3.4.7/lib/ruby/gems/3.4.0/gems/activerecord-7.2.2.2/lib/active_record/connection_adapters/schema_cache.rb:430:in 'block in ActiveRecord::ConnectionAdapters::SchemaCache#tables_to_cache'
	from /home/jules/.local/share/mise/installs/ruby/3.4.7/lib/ruby/gems/3.4.0/gems/activerecord-7.2.2.2/lib/active_record/connection_adapters/abstract/connection_pool.rb:421:in 'ActiveRecord::ConnectionAdapters::ConnectionPool#with_connection'
	from /home/jules/.local/share/mise/installs/ruby/3.4.7/lib/ruby/gems/3.4.0/gems/activerecord-7.2.2.2/lib/active_record/connection_adapters/schema_cache.rb:429:in 'ActiveRecord::ConnectionAdapters::SchemaCache#tables_to_cache'
	from /home/jules/.local/share/mise/installs/ruby/3.4.7/lib/ruby/gems/3.4.0/gems/activerecord-7.2.2.2/lib/active_record/connection_adapters/schema_cache.rb:313:in 'ActiveRecord::ConnectionAdapters::SchemaCache#data_source_exists?'
	from /home/jules/.local/share/mise/installs/ruby/3.4.7/lib/ruby/gems/3.4.0/gems/activerecord-7.2.2.2/lib/active_record/connection_adapters/schema_cache.rb:38:in 'ActiveRecord::ConnectionAdapters::SchemaReflection#data_source_exists?'
	from /home/jules/.local/share/mise/installs/ruby/3.4.7/lib/ruby/gems/3.4.0/gems/activerecord-7.2.2.2/lib/active_record/connection_adapters/schema_cache.rb:182:in 'ActiveRecord::ConnectionAdapters::BoundSchemaReflection#data_source_exists?'
	from /home/jules/.local/share/mise/installs/ruby/3.4.7/lib/ruby/gems/3.4.0/gems/activerecord-7.2.2.2/lib/active_record/internal_metadata.rb:108:in 'ActiveRecord::InternalMetadata#table_exists?'
	from /home/jules/.local/share/mise/installs/ruby/3.4.7/lib/ruby/gems/3.4.0/gems/activerecord-7.2.2.2/lib/active_record/tasks/database_tasks.rb:399:in 'block in ActiveRecord::Tasks::DatabaseTasks#schema_up_to_date?'
	from /home/jules/.local/share/mise/installs/ruby/3.4.7/lib/ruby/gems/3.4.0/gems/activerecord-7.2.2.2/lib/active_record/tasks/database_tasks.rb:565:in 'ActiveRecord::Tasks::DatabaseTasks#with_temporary_pool'
	from /home/jules/.local/share/mise/installs/ruby/3.4.7/lib/ruby/gems/3.4.0/gems/activerecord-7.2.2.2/lib/active_record/tasks/database_tasks.rb:396:in 'ActiveRecord::Tasks::DatabaseTasks#schema_up_to_date?'
	from /home/jules/.local/share/mise/installs/ruby/3.4.7/lib/ruby/gems/3.4.0/gems/activerecord-7.2.2.2/lib/active_record/migration.rb:763:in 'block in ActiveRecord::Migration.any_schema_needs_update?'
	from /home/jules/.local/share/mise/installs/ruby/3.4.7/lib/ruby/gems/3.4.0/gems/activerecord-7.2.2.2/lib/active_record/migration.rb:762:in 'Array#all?'
	from /home/jules/.local/share/mise/installs/ruby/3.4.7/lib/ruby/gems/3.4.0/gems/activerecord-7.2.2.2/lib/active_record/migration.rb:762:in 'ActiveRecord::Migration.any_schema_needs_update?'
	from /home/jules/.local/share/mise/installs/ruby/3.4.7/lib/ruby/gems/3.4.0/gems/activerecord-7.2.2.2/lib/active_record/migration.rb:717:in 'ActiveRecord::Migration.load_schema_if_pending!'
	from /home/jules/.local/share/mise/installs/ruby/3.4.7/lib/ruby/gems/3.4.0/gems/activerecord-7.2.2.2/lib/active_record/migration.rb:732:in 'block in ActiveRecord::Migration.maintain_test_schema!'
	from /home/jules/.local/share/mise/installs/ruby/3.4.7/lib/ruby/gems/3.4.0/gems/activerecord-7.2.2.2/lib/active_record/migration.rb:1034:in 'ActiveRecord::Migration#suppress_messages'
	from /home/jules/.local/share/mise/installs/ruby/3.4.7/lib/ruby/gems/3.4.0/gems/activerecord-7.2.2.2/lib/active_record/migration.rb:737:in 'ActiveRecord::Migration.method_missing'
	from /home/jules/.local/share/mise/installs/ruby/3.4.7/lib/ruby/gems/3.4.0/gems/activerecord-7.2.2.2/lib/active_record/migration.rb:732:in 'ActiveRecord::Migration.maintain_test_schema!'
	from /home/jules/.local/share/mise/installs/ruby/3.4.7/lib/ruby/gems/3.4.0/gems/railties-7.2.2.2/lib/rails/testing/maintain_test_schema.rb:5:in '<top (required)>'
	from <internal:/home/jules/.local/share/mise/installs/ruby/3.4.7/lib/ruby/3.4.0/rubygems/core_ext/kernel_require.rb>:37:in 'Kernel#require'
	from <internal:/home/jules/.local/share/mise/installs/ruby/3.4.7/lib/ruby/3.4.0/rubygems/core_ext/kernel_require.rb>:37:in 'Kernel#require'
	from /home/jules/.local/share/mise/installs/ruby/3.4.7/lib/ruby/gems/3.4.0/gems/bootsnap-1.18.6/lib/bootsnap/load_path_cache/core_ext/kernel_require.rb:30:in 'Kernel#require'
	from /home/jules/.local/share/mise/installs/ruby/3.4.7/lib/ruby/gems/3.4.0/gems/zeitwerk-2.7.4/lib/zeitwerk/core_ext/kernel.rb:34:in 'Kernel#require'
	from /home/jules/.local/share/mise/installs/ruby/3.4.7/lib/ruby/gems/3.4.0/gems/railties-7.2.2.2/lib/rails/test_help.rb:13:in '<top (required)>'
	from <internal:/home/jules/.local/share/mise/installs/ruby/3.4.7/lib/ruby/3.4.0/rubygems/core_ext/kernel_require.rb>:37:in 'Kernel#require'
	from <internal:/home/jules/.local/share/mise/installs/ruby/3.4.7/lib/ruby/3.4.0/rubygems/core_ext/kernel_require.rb>:37:in 'Kernel#require'
	from /home/jules/.local/share/mise/installs/ruby/3.4.7/lib/ruby/gems/3.4.0/gems/bootsnap-1.18.6/lib/bootsnap/load_path_cache/core_ext/kernel_require.rb:30:in 'Kernel#require'
	from /home/jules/.local/share/mise/installs/ruby/3.4.7/lib/ruby/gems/3.4.0/gems/zeitwerk-2.7.4/lib/zeitwerk/core_ext/kernel.rb:34:in 'Kernel#require'
	from /app/test/test_helper.rb:17:in '<main>'
	from <internal:/home/jules/.local/share/mise/installs/ruby/3.4.7/lib/ruby/3.4.0/rubygems/core_ext/kernel_require.rb>:37:in 'Kernel#require'
	from <internal:/home/jules/.local/share/mise/installs/ruby/3.4.7/lib/ruby/3.4.0/rubygems/core_ext/kernel_require.rb>:37:in 'Kernel#require'
	from /home/jules/.local/share/mise/installs/ruby/3.4.7/lib/ruby/gems/3.4.0/gems/bootsnap-1.18.6/lib/bootsnap/load_path_cache/core_ext/kernel_require.rb:30:in 'Kernel#require'
	from /app/test/integration/accessibility_test.rb:1:in '<main>'
	from <internal:/home/jules/.local/share/mise/installs/ruby/3.4.7/lib/ruby/3.4.0/rubygems/core_ext/kernel_require.rb>:37:in 'Kernel#require'
	from <internal:/home/jules/.local/share/mise/installs/ruby/3.4.7/lib/ruby/3.4.0/rubygems/core_ext/kernel_require.rb>:37:in 'Kernel#require'
	from /home/jules/.local/share/mise/installs/ruby/3.4.7/lib/ruby/gems/3.4.0/gems/bootsnap-1.18.6/lib/bootsnap/load_path_cache/core_ext/kernel_require.rb:30:in 'Kernel#require'
	from /home/jules/.local/share/mise/installs/ruby/3.4.7/lib/ruby/gems/3.4.0/gems/railties-7.2.2.2/lib/rails/test_unit/runner.rb:62:in 'block in Rails::TestUnit::Runner.load_tests'
	from /home/jules/.local/share/mise/installs/ruby/3.4.7/lib/ruby/gems/3.4.0/gems/railties-7.2.2.2/lib/rails/test_unit/runner.rb:60:in 'Array#each'
	from /home/jules/.local/share/mise/installs/ruby/3.4.7/lib/ruby/gems/3.4.0/gems/railties-7.2.2.2/lib/rails/test_unit/runner.rb:60:in 'Rails::TestUnit::Runner.load_tests'
	from /home/jules/.local/share/mise/installs/ruby/3.4.7/lib/ruby/gems/3.4.0/gems/railties-7.2.2.2/lib/rails/test_unit/runner.rb:52:in 'Rails::TestUnit::Runner.run'
	from /home/jules/.local/share/mise/installs/ruby/3.4.7/lib/ruby/gems/3.4.0/gems/railties-7.2.2.2/lib/rails/commands/test/test_command.rb:33:in 'Rails::Command::TestCommand#perform'
	from /home/jules/.local/share/mise/installs/ruby/3.4.7/lib/ruby/gems/3.4.0/gems/thor-1.5.0/lib/thor/command.rb:28:in 'Thor::Command#run'
	from /home/jules/.local/share/mise/installs/ruby/3.4.7/lib/ruby/gems/3.4.0/gems/thor-1.5.0/lib/thor/invocation.rb:127:in 'Thor::Invocation#invoke_command'
	from /home/jules/.local/share/mise/installs/ruby/3.4.7/lib/ruby/gems/3.4.0/gems/railties-7.2.2.2/lib/rails/command/base.rb:178:in 'Rails::Command::Base#invoke_command'
	from /home/jules/.local/share/mise/installs/ruby/3.4.7/lib/ruby/gems/3.4.0/gems/thor-1.5.0/lib/thor.rb:538:in 'Thor.dispatch'
	from /home/jules/.local/share/mise/installs/ruby/3.4.7/lib/ruby/gems/3.4.0/gems/railties-7.2.2.2/lib/rails/command/base.rb:73:in 'Rails::Command::Base.perform'
	from /home/jules/.local/share/mise/installs/ruby/3.4.7/lib/ruby/gems/3.4.0/gems/railties-7.2.2.2/lib/rails/command.rb:71:in 'block in Rails::Command.invoke'
	from /home/jules/.local/share/mise/installs/ruby/3.4.7/lib/ruby/gems/3.4.0/gems/railties-7.2.2.2/lib/rails/command.rb:149:in 'Rails::Command.with_argv'
	from /home/jules/.local/share/mise/installs/ruby/3.4.7/lib/ruby/gems/3.4.0/gems/railties-7.2.2.2/lib/rails/command.rb:69:in 'Rails::Command.invoke'
	from /home/jules/.local/share/mise/installs/ruby/3.4.7/lib/ruby/gems/3.4.0/gems/railties-7.2.2.2/lib/rails/commands.rb:18:in '<main>'
	from <internal:/home/jules/.local/share/mise/installs/ruby/3.4.7/lib/ruby/3.4.0/rubygems/core_ext/kernel_require.rb>:37:in 'Kernel#require'
	from <internal:/home/jules/.local/share/mise/installs/ruby/3.4.7/lib/ruby/3.4.0/rubygems/core_ext/kernel_require.rb>:37:in 'Kernel#require'
	from /home/jules/.local/share/mise/installs/ruby/3.4.7/lib/ruby/gems/3.4.0/gems/bootsnap-1.18.6/lib/bootsnap/load_path_cache/core_ext/kernel_require.rb:30:in 'Kernel#require'
	from bin/rails:4:in '<main>'
Coverage report generated for Integration Tests to /app/coverage.
Line Coverage: 13.2% (547 / 4143)
Coverage report generated for Integration Tests to /app/coverage/coverage.xml.
Line Coverage: 13.2% (547 / 4143)
